
cfg_filepath :  /home/JCCMTM/scripts/configs/LTSF/ETTm/ETTm_pretrain.yaml
configs: Namespace(data=Namespace(batch_size=20, batch_stride=None, context_points=96, mask_ratio=0.3, num_predict=16, patch_len=12, patch_num=8, stride=12, stride_subseq=96, test_ratio=None, train_ratio=None), model=Namespace(d_ff=512, d_head=32, d_layers=0, d_model=256, dropout=0.2, dropout_att=0.1, e_layers=2, head_dropout=0.1, kernel_size=15, mul_uni_ratio=1, n_heads=8))
Loading original dataset...
Dataset path :  /home/JCCMTM/Datas/ETT-small/ETTm1.csv
Data length:  69680
Scaler type :  Standard
Decompose the series...
(69680, 7)
Trend
Start time step :  0
End time step :  69680
torch.Size([69680, 7])
###############       Batch 0       ###############
Shape of trend :  torch.Size([69600, 7])
Shape of input time series:  torch.Size([69600, 7])
begin:  0
end:  69600
!!!Generating Pre-train Data!!!
Shape of tokens:  torch.Size([725, 7, 8, 12])
Number of sub-sequence:  725
Number of patch in one sub-sequence:  8
num_predict :  16
tokens_decomp.shape =  (725, 7, 8, 12)
tokens_data.shape =  (725, 7, 8, 12)
In _create_data: tocken_train.shape =  (725, 56, 12)
###############       Batch 1       ###############
Shape of trend :  torch.Size([69600, 7])
Shape of input time series:  torch.Size([69600, 7])
begin:  4
end:  69604
!!!Generating Pre-train Data!!!
Shape of tokens:  torch.Size([725, 7, 8, 12])
Number of sub-sequence:  725
Number of patch in one sub-sequence:  8
num_predict :  16
tokens_decomp.shape =  (725, 7, 8, 12)
tokens_data.shape =  (725, 7, 8, 12)
In _create_data: tocken_train.shape =  (725, 56, 12)
###############       Batch 2       ###############
Shape of trend :  torch.Size([69600, 7])
Shape of input time series:  torch.Size([69600, 7])
begin:  8
end:  69608
!!!Generating Pre-train Data!!!
Shape of tokens:  torch.Size([725, 7, 8, 12])
Number of sub-sequence:  725
Number of patch in one sub-sequence:  8
num_predict :  16
tokens_decomp.shape =  (725, 7, 8, 12)
tokens_data.shape =  (725, 7, 8, 12)
In _create_data: tocken_train.shape =  (725, 56, 12)
###############       Batch 3       ###############
Shape of trend :  torch.Size([69600, 7])
Shape of input time series:  torch.Size([69600, 7])
begin:  12
end:  69612
!!!Generating Pre-train Data!!!
Shape of tokens:  torch.Size([725, 7, 8, 12])
Number of sub-sequence:  725
Number of patch in one sub-sequence:  8
num_predict :  16
tokens_decomp.shape =  (725, 7, 8, 12)
tokens_data.shape =  (725, 7, 8, 12)
In _create_data: tocken_train.shape =  (725, 56, 12)
###############       Batch 4       ###############
Shape of trend :  torch.Size([69600, 7])
Shape of input time series:  torch.Size([69600, 7])
begin:  16
end:  69616
!!!Generating Pre-train Data!!!
Shape of tokens:  torch.Size([725, 7, 8, 12])
Number of sub-sequence:  725
Number of patch in one sub-sequence:  8
num_predict :  16
tokens_decomp.shape =  (725, 7, 8, 12)
tokens_data.shape =  (725, 7, 8, 12)
In _create_data: tocken_train.shape =  (725, 56, 12)
###############       Batch 5       ###############
Shape of trend :  torch.Size([69600, 7])
Shape of input time series:  torch.Size([69600, 7])
begin:  20
end:  69620
!!!Generating Pre-train Data!!!
Shape of tokens:  torch.Size([725, 7, 8, 12])
Number of sub-sequence:  725
Number of patch in one sub-sequence:  8
num_predict :  16
tokens_decomp.shape =  (725, 7, 8, 12)
tokens_data.shape =  (725, 7, 8, 12)
In _create_data: tocken_train.shape =  (725, 56, 12)
###############       Batch 6       ###############
Shape of trend :  torch.Size([69600, 7])
Shape of input time series:  torch.Size([69600, 7])
begin:  24
end:  69624
!!!Generating Pre-train Data!!!
Shape of tokens:  torch.Size([725, 7, 8, 12])
Number of sub-sequence:  725
Number of patch in one sub-sequence:  8
num_predict :  16
tokens_decomp.shape =  (725, 7, 8, 12)
tokens_data.shape =  (725, 7, 8, 12)
In _create_data: tocken_train.shape =  (725, 56, 12)
###############       Batch 7       ###############
Shape of trend :  torch.Size([69600, 7])
Shape of input time series:  torch.Size([69600, 7])
begin:  28
end:  69628
!!!Generating Pre-train Data!!!
Shape of tokens:  torch.Size([725, 7, 8, 12])
Number of sub-sequence:  725
Number of patch in one sub-sequence:  8
num_predict :  16
tokens_decomp.shape =  (725, 7, 8, 12)
tokens_data.shape =  (725, 7, 8, 12)
In _create_data: tocken_train.shape =  (725, 56, 12)
###############       Batch 8       ###############
Shape of trend :  torch.Size([69600, 7])
Shape of input time series:  torch.Size([69600, 7])
begin:  32
end:  69632
!!!Generating Pre-train Data!!!
Shape of tokens:  torch.Size([725, 7, 8, 12])
Number of sub-sequence:  725
Number of patch in one sub-sequence:  8
num_predict :  16
tokens_decomp.shape =  (725, 7, 8, 12)
tokens_data.shape =  (725, 7, 8, 12)
In _create_data: tocken_train.shape =  (725, 56, 12)
###############       Batch 9       ###############
Shape of trend :  torch.Size([69600, 7])
Shape of input time series:  torch.Size([69600, 7])
begin:  36
end:  69636
!!!Generating Pre-train Data!!!
Shape of tokens:  torch.Size([725, 7, 8, 12])
Number of sub-sequence:  725
Number of patch in one sub-sequence:  8
num_predict :  16
tokens_decomp.shape =  (725, 7, 8, 12)
tokens_data.shape =  (725, 7, 8, 12)
In _create_data: tocken_train.shape =  (725, 56, 12)
###############       Batch 10       ###############
Shape of trend :  torch.Size([69600, 7])
Shape of input time series:  torch.Size([69600, 7])
begin:  40
end:  69640
!!!Generating Pre-train Data!!!
Shape of tokens:  torch.Size([725, 7, 8, 12])
Number of sub-sequence:  725
Number of patch in one sub-sequence:  8
num_predict :  16
tokens_decomp.shape =  (725, 7, 8, 12)
tokens_data.shape =  (725, 7, 8, 12)
In _create_data: tocken_train.shape =  (725, 56, 12)
###############       Batch 11       ###############
Shape of trend :  torch.Size([69600, 7])
Shape of input time series:  torch.Size([69600, 7])
begin:  44
end:  69644
!!!Generating Pre-train Data!!!
Shape of tokens:  torch.Size([725, 7, 8, 12])
Number of sub-sequence:  725
Number of patch in one sub-sequence:  8
num_predict :  16
tokens_decomp.shape =  (725, 7, 8, 12)
tokens_data.shape =  (725, 7, 8, 12)
In _create_data: tocken_train.shape =  (725, 56, 12)
###############       Batch 12       ###############
Shape of trend :  torch.Size([69600, 7])
Shape of input time series:  torch.Size([69600, 7])
begin:  48
end:  69648
!!!Generating Pre-train Data!!!
Shape of tokens:  torch.Size([725, 7, 8, 12])
Number of sub-sequence:  725
Number of patch in one sub-sequence:  8
num_predict :  16
tokens_decomp.shape =  (725, 7, 8, 12)
tokens_data.shape =  (725, 7, 8, 12)
In _create_data: tocken_train.shape =  (725, 56, 12)
###############       Batch 13       ###############
Shape of trend :  torch.Size([69600, 7])
Shape of input time series:  torch.Size([69600, 7])
begin:  52
end:  69652
!!!Generating Pre-train Data!!!
Shape of tokens:  torch.Size([725, 7, 8, 12])
Number of sub-sequence:  725
Number of patch in one sub-sequence:  8
num_predict :  16
tokens_decomp.shape =  (725, 7, 8, 12)
tokens_data.shape =  (725, 7, 8, 12)
In _create_data: tocken_train.shape =  (725, 56, 12)
###############       Batch 14       ###############
Shape of trend :  torch.Size([69600, 7])
Shape of input time series:  torch.Size([69600, 7])
begin:  56
end:  69656
!!!Generating Pre-train Data!!!
Shape of tokens:  torch.Size([725, 7, 8, 12])
Number of sub-sequence:  725
Number of patch in one sub-sequence:  8
num_predict :  16
tokens_decomp.shape =  (725, 7, 8, 12)
tokens_data.shape =  (725, 7, 8, 12)
In _create_data: tocken_train.shape =  (725, 56, 12)
###############       Batch 15       ###############
Shape of trend :  torch.Size([69600, 7])
Shape of input time series:  torch.Size([69600, 7])
begin:  60
end:  69660
!!!Generating Pre-train Data!!!
Shape of tokens:  torch.Size([725, 7, 8, 12])
Number of sub-sequence:  725
Number of patch in one sub-sequence:  8
num_predict :  16
tokens_decomp.shape =  (725, 7, 8, 12)
tokens_data.shape =  (725, 7, 8, 12)
In _create_data: tocken_train.shape =  (725, 56, 12)
###############       Batch 16       ###############
Shape of trend :  torch.Size([69600, 7])
Shape of input time series:  torch.Size([69600, 7])
begin:  64
end:  69664
!!!Generating Pre-train Data!!!
Shape of tokens:  torch.Size([725, 7, 8, 12])
Number of sub-sequence:  725
Number of patch in one sub-sequence:  8
num_predict :  16
tokens_decomp.shape =  (725, 7, 8, 12)
tokens_data.shape =  (725, 7, 8, 12)
In _create_data: tocken_train.shape =  (725, 56, 12)
###############       Batch 17       ###############
Shape of trend :  torch.Size([69600, 7])
Shape of input time series:  torch.Size([69600, 7])
begin:  68
end:  69668
!!!Generating Pre-train Data!!!
Shape of tokens:  torch.Size([725, 7, 8, 12])
Number of sub-sequence:  725
Number of patch in one sub-sequence:  8
num_predict :  16
tokens_decomp.shape =  (725, 7, 8, 12)
tokens_data.shape =  (725, 7, 8, 12)
In _create_data: tocken_train.shape =  (725, 56, 12)
###############       Batch 18       ###############
Shape of trend :  torch.Size([69600, 7])
Shape of input time series:  torch.Size([69600, 7])
begin:  72
end:  69672
!!!Generating Pre-train Data!!!
Shape of tokens:  torch.Size([725, 7, 8, 12])
Number of sub-sequence:  725
Number of patch in one sub-sequence:  8
num_predict :  16
tokens_decomp.shape =  (725, 7, 8, 12)
tokens_data.shape =  (725, 7, 8, 12)
In _create_data: tocken_train.shape =  (725, 56, 12)
###############       Batch 19       ###############
Shape of trend :  torch.Size([69600, 7])
Shape of input time series:  torch.Size([69600, 7])
begin:  76
end:  69676
!!!Generating Pre-train Data!!!
Shape of tokens:  torch.Size([725, 7, 8, 12])
Number of sub-sequence:  725
Number of patch in one sub-sequence:  8
num_predict :  16
tokens_decomp.shape =  (725, 7, 8, 12)
tokens_data.shape =  (725, 7, 8, 12)
In _create_data: tocken_train.shape =  (725, 56, 12)
cfg_filepath :  /home/JCCMTM/scripts/configs/LTSF/ETTm/ETTm_pretrain.yaml
Variable number =  7
CUDA available:  True
###############
Data & Model configs: 
 Namespace(data=Namespace(batch_size=20, batch_stride=None, context_points=96, mask_ratio=0.3, n_vars=7, num_predict=16, patch_len=12, patch_num=8, stride=12, stride_subseq=96, test_ratio=None, train_ratio=None), model=Namespace(d_ff=512, d_head=32, d_layers=0, d_model=256, dropout=0.1, dropout_att=0.1, e_layers=2, head_dropout=0.1, kernel_size=15, mul_uni_ratio=1, n_heads=8))
Args in experiment: 
  Namespace(Continue=False, LR_mode='CycLR', TSaS_len=56, activation='gelu', batch_size=20, best_loss=inf, block_num=None, c_out=7, category='train', cfg='ETTm_pretrain.yaml', checkpoints='./checkpoints', component='trend', configs_path='/home/JCCMTM/scripts/configs/LTSF/ETTm/ETTm_pretrain.yaml', criterion_type='L2', d_ff=512, d_layers=0, d_model=256, data_path='ETTm1.csv', dec_in=-1, decomposition=True, devices='0,1,2,3', dropout=0.1, dset='ETTm1', e_layers=2, efficient=False, enc_in=7, features='M', freq='h', gpu=0, group_token_num=5, itr=1, kernel_size=15, learning_rate=0.0001, load_sparse=True, mem_len=0, mem_len_uni=8, model='JCCMTM', mul_uni_ratio=1, n_heads=8, num_workers=0, optim_type='Adam', output_attention=False, padding_patch='end', patch_len=12, patience=3, pre_group_num=0, pretrained_model_id=0, random_ratio=0.0, random_seed=2024, reuse_len=0, reuse_len_uni=0, root_path='/home/JCCMTM/', seq_len=96, sparse_id='Null', sparse_path='./sparse_attn', stage='pretrain', strategy='CICD', stride=12, target='OT', task='LTSF', tb_path='record/tensorboard/', temp_model_save=False, train_epochs=50, use_gpu=True, use_multi_gpu=False, use_tb=True, w_h=1.0, weight_decay=0)
###############
JCCMTM_ETTm1_ftM__sl96_P12_S12_Ss96_MR0.30_PN=8_MN=16_B=20_dm256_nh8_el2_dl0_df512
time start :  2024-11-12-07_39_44
Use GPU: cuda:0
Do not use sparse attention matrix.
Sparse attention mask matrix preprocessing
trainable parameters: 2.387482 M
>>>>>>>start pre-training : JCCMTM_ETTm1_ftM__sl96_P12_S12_Ss96_MR0.30_PN=8_MN=16_B=20_dm256_nh8_el2_dl0_df512>>>>>>>>>>>>>>>>>>>>>>>>>>
data_file_path :  /home/JCCMTM/Datas/prepare_input/prepare_input_ETT_pretrain/train_data/ETTm1/ETTm1_96_P=12-S=12-Ss=96-MR=0.30-PN=8-MN=16-BSZ=20.npy
data shape :  (14500,)
dataset.shape =  725
Number of Epoch: 0001, cost = 1.647799, time cost = 14.508502
Save model of best loss...
Number of Epoch: 0002, cost = 0.570919, time cost = 13.831820
Save model of best loss...
Number of Epoch: 0003, cost = 0.387228, time cost = 13.992478
Save model of best loss...
Number of Epoch: 0004, cost = 0.288002, time cost = 13.738345
Save model of best loss...
Number of Epoch: 0005, cost = 0.218651, time cost = 13.707436
Save model of best loss...
Number of Epoch: 0006, cost = 0.190307, time cost = 13.649928
Save model of best loss...
Number of Epoch: 0007, cost = 0.171377, time cost = 13.836078
Save model of best loss...
Number of Epoch: 0008, cost = 0.158887, time cost = 13.572317
Save model of best loss...
Number of Epoch: 0009, cost = 0.150555, time cost = 13.732731
Save model of best loss...
Number of Epoch: 0010, cost = 0.144423, time cost = 13.477759
Save model of best loss...
Number of Epoch: 0011, cost = 0.139476, time cost = 13.915624
Save model of best loss...
Number of Epoch: 0012, cost = 0.136023, time cost = 13.637428
Save model of best loss...
Number of Epoch: 0013, cost = 0.133168, time cost = 13.616056
Save model of best loss...
Number of Epoch: 0014, cost = 0.131342, time cost = 13.656043
Save model of best loss...
Number of Epoch: 0015, cost = 0.129692, time cost = 13.762772
Save model of best loss...
Number of Epoch: 0016, cost = 0.128166, time cost = 13.812732
Save model of best loss...
Number of Epoch: 0017, cost = 0.127055, time cost = 13.826363
Save model of best loss...
Number of Epoch: 0018, cost = 0.126330, time cost = 13.445884
Save model of best loss...
Number of Epoch: 0019, cost = 0.124938, time cost = 13.696387
Save model of best loss...
Number of Epoch: 0020, cost = 0.124729, time cost = 13.358348
Save model of best loss...
Number of Epoch: 0021, cost = 0.123755, time cost = 13.658008
Save model of best loss...
Number of Epoch: 0022, cost = 0.123113, time cost = 13.621782
Save model of best loss...
Number of Epoch: 0023, cost = 0.122459, time cost = 13.647962
Save model of best loss...
Number of Epoch: 0024, cost = 0.121932, time cost = 13.458554
Save model of best loss...
Number of Epoch: 0025, cost = 0.121610, time cost = 13.664633
Save model of best loss...
Number of Epoch: 0026, cost = 0.121154, time cost = 13.738427
Save model of best loss...
Number of Epoch: 0027, cost = 0.120616, time cost = 13.726602
Save model of best loss...
Number of Epoch: 0028, cost = 0.120419, time cost = 13.735233
Save model of best loss...
Number of Epoch: 0029, cost = 0.120165, time cost = 13.725694
Save model of best loss...
Number of Epoch: 0030, cost = 0.119819, time cost = 13.584091
Save model of best loss...
Number of Epoch: 0031, cost = 0.119354, time cost = 13.787060
Save model of best loss...
Number of Epoch: 0032, cost = 0.118982, time cost = 13.914989
Save model of best loss...
Number of Epoch: 0033, cost = 0.118590, time cost = 13.605222
Save model of best loss...
Number of Epoch: 0034, cost = 0.118204, time cost = 13.683382
Save model of best loss...
Number of Epoch: 0035, cost = 0.118069, time cost = 13.652296
Save model of best loss...
Number of Epoch: 0036, cost = 0.118351, time cost = 13.818817
Number of Epoch: 0037, cost = 0.117934, time cost = 13.717231
Save model of best loss...
Number of Epoch: 0038, cost = 0.117414, time cost = 13.745238
Save model of best loss...
Number of Epoch: 0039, cost = 0.117525, time cost = 13.683872
Number of Epoch: 0040, cost = 0.117223, time cost = 13.728074
Save model of best loss...
Number of Epoch: 0041, cost = 0.117069, time cost = 13.628933
Save model of best loss...
Number of Epoch: 0042, cost = 0.117054, time cost = 13.638171
Save model of best loss...
Number of Epoch: 0043, cost = 0.116925, time cost = 13.648940
Save model of best loss...
Number of Epoch: 0044, cost = 0.117031, time cost = 14.222991
Number of Epoch: 0045, cost = 0.116896, time cost = 13.732817
Save model of best loss...
Number of Epoch: 0046, cost = 0.116667, time cost = 13.603882
Save model of best loss...
Number of Epoch: 0047, cost = 0.116537, time cost = 13.669377
Save model of best loss...
Number of Epoch: 0048, cost = 0.116716, time cost = 13.700688
Number of Epoch: 0049, cost = 0.116576, time cost = 13.727487
Number of Epoch: 0050, cost = 0.116385, time cost = 13.321772
Save model of best loss...
Finish. 






cfg_filepath :  /home/JCCMTM/scripts/configs/LTSF/ETTm/ETTm_finetune.yaml
Variable number =  7
CUDA available:  True
###############
Data & Model configs: 
 Namespace(data=Namespace(batch_size=128, batch_stride=None, context_points=96, mask_ratio=0.3, n_vars=7, num_predict=16, patch_len=12, patch_num=8, pre_batch_size=20, pre_stride_subseq=96, stride=12, stride_subseq=1, target_points=96, test_ratio=None, train_ratio=None), model=Namespace(d_ff=512, d_head=32, d_layers=0, d_model=256, dropout=0.1, dropout_att=0.1, e_layers=2, head_dropout=0.1, kernel_size=15, mul_uni_ratio=1, n_heads=8))
Args in experiment: 
  Namespace(No_Pre=False, TSaS_len=56, activation='gelu', batch_size=128, block_num=None, c_out=7, category='train', cfg='ETTm_finetune.yaml', checkpoints='./checkpoints/', component='trend', configs_path='/home/JCCMTM/scripts/configs/LTSF/ETTm/ETTm_finetune.yaml', d_ff=512, d_layers=0, d_model=256, data='ETTm1', data_path='Datas/ETT-small/ETTm1.csv', dec_in=-1, decomposition=True, delta=0.01, devices='0,1,2,3', distil=True, dropout=0.1, dset='ETTm1', e_layers=2, efficient=False, embed='timeF', enc_in=7, factor=1, features='M', freq='h', gpu=0, group_token_num=5, inverse=False, itr=1, kernel_size=15, label_len=48, learning_rate=0.0005, load_sparse=True, lradj='type1', mem_len=0, mem_len_uni=0, model='JCCMTM', mul_uni_ratio=1, n_heads=8, num_workers=2, optim_type='Adam', output_attention=False, padding_patch='end', patch_len=12, patience=5, pre_group_num=0, pred_len=96, pretrain_model_id='2024-11-12-07_39_44', random_ratio=0.0, random_seed=2024, reuse_len=0, reuse_len_uni=0, root_path='/home/JCCMTM/', scale_adjustLR=1, seq_len=96, sparse_id='Null', sparse_path='sparse_attn/', stage='finetune', strategy='CICD', stride=12, target='OT', task='LTSF', tb_path='record/tensorboard/', temp_epochs=50, temp_save=False, test_batch_size=256, train_epochs=10, use_amp=False, use_gpu=True, use_multi_gpu=False, use_tb=False, weight_decay=0)
###############
Use GPU: cuda:0
Do not use sparse attention matrix.
Sparse attention mask matrix preprocessing
Loading model state dict...
Finish.
trainable parameters: 2.581102 M
>>>>>>>start training : JCCMTM_ETTm1_ftM__sl96_P12_S12_Ss96_MR0.30_PN=8_MN=16_B=20_dm256_nh8_el2_dl0_df512>>>>>>>>>>>>>>>>>>>>>>>>>>
train 34369
val 11425
test 11425
End-to-end fine-tuning......
	iters: 200, epoch: 1 | loss: 0.3286035
	speed: 0.0292s/iter; left time: 72.4329s
Epoch: 1 cost time: 7.624800682067871 lr: 0.0005
Epoch: 1, Steps: 268 | Train Loss: 0.3137472 Vali Loss: 0.4180158 Test Loss: 0.3274837
Validation loss decreased (inf --> 0.418016).  Saving model ...
Updating learning rate to 0.00025
	iters: 200, epoch: 2 | loss: 0.2626942
	speed: 0.0451s/iter; left time: 99.7755s
Epoch: 2 cost time: 6.929842233657837 lr: 0.00025
Epoch: 2, Steps: 268 | Train Loss: 0.2737457 Vali Loss: 0.3831174 Test Loss: 0.3057736
Validation loss decreased (0.418016 --> 0.383117).  Saving model ...
Updating learning rate to 0.000125
	iters: 200, epoch: 3 | loss: 0.2487812
	speed: 0.0455s/iter; left time: 88.4312s
Epoch: 3 cost time: 7.06032657623291 lr: 0.000125
Epoch: 3, Steps: 268 | Train Loss: 0.2615236 Vali Loss: 0.3893448 Test Loss: 0.3050833
Validation loss decreased (0.383117 --> 0.389345).  Saving model ...
Updating learning rate to 6.25e-05
	iters: 200, epoch: 4 | loss: 0.2531112
	speed: 0.0453s/iter; left time: 75.9723s
Epoch: 4 cost time: 6.994301080703735 lr: 6.25e-05
Epoch: 4, Steps: 268 | Train Loss: 0.2553905 Vali Loss: 0.3870549 Test Loss: 0.3034230
Validation loss decreased (0.389345 --> 0.387055).  Saving model ...
Updating learning rate to 3.125e-05
	iters: 200, epoch: 5 | loss: 0.2381550
	speed: 0.0456s/iter; left time: 64.3002s
Epoch: 5 cost time: 7.028063774108887 lr: 3.125e-05
Epoch: 5, Steps: 268 | Train Loss: 0.2524036 Vali Loss: 0.3866657 Test Loss: 0.3046737
Validation loss decreased (0.387055 --> 0.386666).  Saving model ...
Updating learning rate to 1.5625e-05
	iters: 200, epoch: 6 | loss: 0.2718603
	speed: 0.0454s/iter; left time: 51.7670s
Epoch: 6 cost time: 6.967820644378662 lr: 1.5625e-05
Epoch: 6, Steps: 268 | Train Loss: 0.2510341 Vali Loss: 0.3886384 Test Loss: 0.3036049
Validation loss decreased (0.386666 --> 0.388638).  Saving model ...
Updating learning rate to 7.8125e-06
	iters: 200, epoch: 7 | loss: 0.2463209
	speed: 0.0458s/iter; left time: 40.0204s
Epoch: 7 cost time: 7.014309644699097 lr: 7.8125e-06
Epoch: 7, Steps: 268 | Train Loss: 0.2498457 Vali Loss: 0.3903465 Test Loss: 0.3051589
Validation loss decreased (0.388638 --> 0.390346).  Saving model ...
Updating learning rate to 3.90625e-06
	iters: 200, epoch: 8 | loss: 0.2343320
	speed: 0.0456s/iter; left time: 27.6142s
Epoch: 8 cost time: 7.036664009094238 lr: 3.90625e-06
Epoch: 8, Steps: 268 | Train Loss: 0.2495996 Vali Loss: 0.3898582 Test Loss: 0.3048489
Validation loss decreased (0.390346 --> 0.389858).  Saving model ...
Updating learning rate to 1.953125e-06
	iters: 200, epoch: 9 | loss: 0.2759378
	speed: 0.0460s/iter; left time: 15.4948s
Epoch: 9 cost time: 7.067510604858398 lr: 1.953125e-06
Epoch: 9, Steps: 268 | Train Loss: 0.2490577 Vali Loss: 0.3900549 Test Loss: 0.3045485
Validation loss decreased (0.389858 --> 0.390055).  Saving model ...
Updating learning rate to 9.765625e-07
	iters: 200, epoch: 10 | loss: 0.2418875
	speed: 0.0459s/iter; left time: 3.1674s
Epoch: 10 cost time: 7.008668899536133 lr: 9.765625e-07
Epoch: 10, Steps: 268 | Train Loss: 0.2492013 Vali Loss: 0.3896323 Test Loss: 0.3045412
Validation loss decreased (0.390055 --> 0.389632).  Saving model ...
Updating learning rate to 4.8828125e-07
>>>>>>>testing : JCCMTM_ETTm1_ftM__sl96_P12_S12_Ss96_MR0.30_PN=8_MN=16_B=20_dm256_nh8_el2_dl0_df512<<<<<<<<<<<<<<<<<<<<<<<<<<<<<<<<<
test 11425
loading model
mse:0.30626264214515686, mae:0.35104575753211975
cfg_filepath :  /home/JCCMTM/scripts/configs/LTSF/ETTm/ETTm_finetune.yaml
Variable number =  7
CUDA available:  True
###############
Data & Model configs: 
 Namespace(data=Namespace(batch_size=128, batch_stride=None, context_points=96, mask_ratio=0.3, n_vars=7, num_predict=16, patch_len=12, patch_num=8, pre_batch_size=20, pre_stride_subseq=96, stride=12, stride_subseq=1, target_points=192, test_ratio=None, train_ratio=None), model=Namespace(d_ff=512, d_head=32, d_layers=0, d_model=256, dropout=0.1, dropout_att=0.1, e_layers=2, head_dropout=0.1, kernel_size=15, mul_uni_ratio=1, n_heads=8))
Args in experiment: 
  Namespace(No_Pre=False, TSaS_len=56, activation='gelu', batch_size=128, block_num=None, c_out=7, category='train', cfg='ETTm_finetune.yaml', checkpoints='./checkpoints/', component='trend', configs_path='/home/JCCMTM/scripts/configs/LTSF/ETTm/ETTm_finetune.yaml', d_ff=512, d_layers=0, d_model=256, data='ETTm1', data_path='Datas/ETT-small/ETTm1.csv', dec_in=-1, decomposition=True, delta=0.01, devices='0,1,2,3', distil=True, dropout=0.1, dset='ETTm1', e_layers=2, efficient=False, embed='timeF', enc_in=7, factor=1, features='M', freq='h', gpu=0, group_token_num=5, inverse=False, itr=1, kernel_size=15, label_len=48, learning_rate=0.0005, load_sparse=True, lradj='type1', mem_len=0, mem_len_uni=0, model='JCCMTM', mul_uni_ratio=1, n_heads=8, num_workers=2, optim_type='Adam', output_attention=False, padding_patch='end', patch_len=12, patience=5, pre_group_num=0, pred_len=192, pretrain_model_id='2024-11-12-07_39_44', random_ratio=0.0, random_seed=2024, reuse_len=0, reuse_len_uni=0, root_path='/home/JCCMTM/', scale_adjustLR=1, seq_len=96, sparse_id='Null', sparse_path='sparse_attn/', stage='finetune', strategy='CICD', stride=12, target='OT', task='LTSF', tb_path='record/tensorboard/', temp_epochs=50, temp_save=False, test_batch_size=256, train_epochs=10, use_amp=False, use_gpu=True, use_multi_gpu=False, use_tb=False, weight_decay=0)
###############
Use GPU: cuda:0
Do not use sparse attention matrix.
Sparse attention mask matrix preprocessing
Loading model state dict...
Finish.
trainable parameters: 2.777806 M
>>>>>>>start training : JCCMTM_ETTm1_ftM__sl96_P12_S12_Ss96_MR0.30_PN=8_MN=16_B=20_dm256_nh8_el2_dl0_df512>>>>>>>>>>>>>>>>>>>>>>>>>>
train 34273
val 11329
test 11329
End-to-end fine-tuning......
	iters: 200, epoch: 1 | loss: 0.3511627
	speed: 0.0293s/iter; left time: 72.3439s
Epoch: 1 cost time: 7.613162994384766 lr: 0.0005
Epoch: 1, Steps: 267 | Train Loss: 0.3582433 Vali Loss: 0.5239496 Test Loss: 0.3618856
Validation loss decreased (inf --> 0.523950).  Saving model ...
Updating learning rate to 0.00025
	iters: 200, epoch: 2 | loss: 0.3053930
	speed: 0.0457s/iter; left time: 100.6480s
Epoch: 2 cost time: 6.980865240097046 lr: 0.00025
Epoch: 2, Steps: 267 | Train Loss: 0.3272299 Vali Loss: 0.5065479 Test Loss: 0.3530449
Validation loss decreased (0.523950 --> 0.506548).  Saving model ...
Updating learning rate to 0.000125
	iters: 200, epoch: 3 | loss: 0.3244162
	speed: 0.0466s/iter; left time: 90.1745s
Epoch: 3 cost time: 7.056349992752075 lr: 0.000125
Epoch: 3, Steps: 267 | Train Loss: 0.3163813 Vali Loss: 0.5077899 Test Loss: 0.3547784
Validation loss decreased (0.506548 --> 0.507790).  Saving model ...
Updating learning rate to 6.25e-05
	iters: 200, epoch: 4 | loss: 0.3084126
	speed: 0.0465s/iter; left time: 77.6438s
Epoch: 4 cost time: 7.086023569107056 lr: 6.25e-05
Epoch: 4, Steps: 267 | Train Loss: 0.3101699 Vali Loss: 0.4987766 Test Loss: 0.3517906
Validation loss decreased (0.507790 --> 0.498777).  Saving model ...
Updating learning rate to 3.125e-05
	iters: 200, epoch: 5 | loss: 0.3156499
	speed: 0.0461s/iter; left time: 64.6402s
Epoch: 5 cost time: 7.023832559585571 lr: 3.125e-05
Epoch: 5, Steps: 267 | Train Loss: 0.3071231 Vali Loss: 0.4988835 Test Loss: 0.3512313
Validation loss decreased (0.498777 --> 0.498883).  Saving model ...
Updating learning rate to 1.5625e-05
	iters: 200, epoch: 6 | loss: 0.2774721
	speed: 0.0466s/iter; left time: 52.9409s
Epoch: 6 cost time: 7.072669744491577 lr: 1.5625e-05
Epoch: 6, Steps: 267 | Train Loss: 0.3053307 Vali Loss: 0.4948809 Test Loss: 0.3491008
Validation loss decreased (0.498883 --> 0.494881).  Saving model ...
Updating learning rate to 7.8125e-06
	iters: 200, epoch: 7 | loss: 0.3082854
	speed: 0.0463s/iter; left time: 40.2513s
Epoch: 7 cost time: 7.022034406661987 lr: 7.8125e-06
Epoch: 7, Steps: 267 | Train Loss: 0.3045933 Vali Loss: 0.4967179 Test Loss: 0.3493441
Validation loss decreased (0.494881 --> 0.496718).  Saving model ...
Updating learning rate to 3.90625e-06
	iters: 200, epoch: 8 | loss: 0.2703669
	speed: 0.0458s/iter; left time: 27.5988s
Epoch: 8 cost time: 7.005269289016724 lr: 3.90625e-06
Epoch: 8, Steps: 267 | Train Loss: 0.3037366 Vali Loss: 0.4954873 Test Loss: 0.3499717
Validation loss decreased (0.496718 --> 0.495487).  Saving model ...
Updating learning rate to 1.953125e-06
	iters: 200, epoch: 9 | loss: 0.2892518
	speed: 0.0466s/iter; left time: 15.6258s
Epoch: 9 cost time: 7.103084325790405 lr: 1.953125e-06
Epoch: 9, Steps: 267 | Train Loss: 0.3035725 Vali Loss: 0.4965720 Test Loss: 0.3500726
Validation loss decreased (0.495487 --> 0.496572).  Saving model ...
Updating learning rate to 9.765625e-07
	iters: 200, epoch: 10 | loss: 0.2894735
	speed: 0.0464s/iter; left time: 3.1541s
Epoch: 10 cost time: 7.025182723999023 lr: 9.765625e-07
Epoch: 10, Steps: 267 | Train Loss: 0.3033719 Vali Loss: 0.4967661 Test Loss: 0.3497499
Validation loss decreased (0.496572 --> 0.496766).  Saving model ...
Updating learning rate to 4.8828125e-07
>>>>>>>testing : JCCMTM_ETTm1_ftM__sl96_P12_S12_Ss96_MR0.30_PN=8_MN=16_B=20_dm256_nh8_el2_dl0_df512<<<<<<<<<<<<<<<<<<<<<<<<<<<<<<<<<
test 11329
loading model
mse:0.35226964950561523, mae:0.3803492486476898
cfg_filepath :  /home/JCCMTM/scripts/configs/LTSF/ETTm/ETTm_finetune.yaml
Variable number =  7
CUDA available:  True
###############
Data & Model configs: 
 Namespace(data=Namespace(batch_size=128, batch_stride=None, context_points=96, mask_ratio=0.3, n_vars=7, num_predict=16, patch_len=12, patch_num=8, pre_batch_size=20, pre_stride_subseq=96, stride=12, stride_subseq=1, target_points=336, test_ratio=None, train_ratio=None), model=Namespace(d_ff=512, d_head=32, d_layers=0, d_model=256, dropout=0.1, dropout_att=0.1, e_layers=2, head_dropout=0.1, kernel_size=15, mul_uni_ratio=1, n_heads=8))
Args in experiment: 
  Namespace(No_Pre=False, TSaS_len=56, activation='gelu', batch_size=128, block_num=None, c_out=7, category='train', cfg='ETTm_finetune.yaml', checkpoints='./checkpoints/', component='trend', configs_path='/home/JCCMTM/scripts/configs/LTSF/ETTm/ETTm_finetune.yaml', d_ff=512, d_layers=0, d_model=256, data='ETTm1', data_path='Datas/ETT-small/ETTm1.csv', dec_in=-1, decomposition=True, delta=0.01, devices='0,1,2,3', distil=True, dropout=0.1, dset='ETTm1', e_layers=2, efficient=False, embed='timeF', enc_in=7, factor=1, features='M', freq='h', gpu=0, group_token_num=5, inverse=False, itr=1, kernel_size=15, label_len=48, learning_rate=0.0005, load_sparse=True, lradj='type1', mem_len=0, mem_len_uni=0, model='JCCMTM', mul_uni_ratio=1, n_heads=8, num_workers=2, optim_type='Adam', output_attention=False, padding_patch='end', patch_len=12, patience=5, pre_group_num=0, pred_len=336, pretrain_model_id='2024-11-12-07_39_44', random_ratio=0.0, random_seed=2024, reuse_len=0, reuse_len_uni=0, root_path='/home/JCCMTM/', scale_adjustLR=1, seq_len=96, sparse_id='Null', sparse_path='sparse_attn/', stage='finetune', strategy='CICD', stride=12, target='OT', task='LTSF', tb_path='record/tensorboard/', temp_epochs=50, temp_save=False, test_batch_size=256, train_epochs=10, use_amp=False, use_gpu=True, use_multi_gpu=False, use_tb=False, weight_decay=0)
###############
Use GPU: cuda:0
Do not use sparse attention matrix.
Sparse attention mask matrix preprocessing
Loading model state dict...
Finish.
trainable parameters: 3.072862 M
>>>>>>>start training : JCCMTM_ETTm1_ftM__sl96_P12_S12_Ss96_MR0.30_PN=8_MN=16_B=20_dm256_nh8_el2_dl0_df512>>>>>>>>>>>>>>>>>>>>>>>>>>
train 34129
val 11185
test 11185
End-to-end fine-tuning......
	iters: 200, epoch: 1 | loss: 0.3910931
	speed: 0.0298s/iter; left time: 73.3185s
Epoch: 1 cost time: 7.724445104598999 lr: 0.0005
Epoch: 1, Steps: 266 | Train Loss: 0.4093052 Vali Loss: 0.6617063 Test Loss: 0.3906504
Validation loss decreased (inf --> 0.661706).  Saving model ...
Updating learning rate to 0.00025
	iters: 200, epoch: 2 | loss: 0.3741278
	speed: 0.0472s/iter; left time: 103.7094s
Epoch: 2 cost time: 7.126181364059448 lr: 0.00025
Epoch: 2, Steps: 266 | Train Loss: 0.3789708 Vali Loss: 0.6418235 Test Loss: 0.3847394
Validation loss decreased (0.661706 --> 0.641823).  Saving model ...
Updating learning rate to 0.000125
	iters: 200, epoch: 3 | loss: 0.3972064
	speed: 0.0475s/iter; left time: 91.6987s
Epoch: 3 cost time: 7.13411283493042 lr: 0.000125
Epoch: 3, Steps: 266 | Train Loss: 0.3667538 Vali Loss: 0.6406792 Test Loss: 0.3869131
Validation loss decreased (0.641823 --> 0.640679).  Saving model ...
Updating learning rate to 6.25e-05
	iters: 200, epoch: 4 | loss: 0.3454670
	speed: 0.0477s/iter; left time: 79.3261s
Epoch: 4 cost time: 7.1172544956207275 lr: 6.25e-05
Epoch: 4, Steps: 266 | Train Loss: 0.3604591 Vali Loss: 0.6368738 Test Loss: 0.3878645
Validation loss decreased (0.640679 --> 0.636874).  Saving model ...
Updating learning rate to 3.125e-05
	iters: 200, epoch: 5 | loss: 0.3357915
	speed: 0.0479s/iter; left time: 66.9431s
Epoch: 5 cost time: 7.208770036697388 lr: 3.125e-05
Epoch: 5, Steps: 266 | Train Loss: 0.3570924 Vali Loss: 0.6323318 Test Loss: 0.3876904
Validation loss decreased (0.636874 --> 0.632332).  Saving model ...
Updating learning rate to 1.5625e-05
	iters: 200, epoch: 6 | loss: 0.3767411
	speed: 0.0476s/iter; left time: 53.8346s
Epoch: 6 cost time: 7.189708948135376 lr: 1.5625e-05
Epoch: 6, Steps: 266 | Train Loss: 0.3555538 Vali Loss: 0.6312436 Test Loss: 0.3879850
Validation loss decreased (0.632332 --> 0.631244).  Saving model ...
Updating learning rate to 7.8125e-06
	iters: 200, epoch: 7 | loss: 0.3743678
	speed: 0.0473s/iter; left time: 40.9172s
Epoch: 7 cost time: 7.126771926879883 lr: 7.8125e-06
Epoch: 7, Steps: 266 | Train Loss: 0.3546537 Vali Loss: 0.6314056 Test Loss: 0.3879206
Validation loss decreased (0.631244 --> 0.631406).  Saving model ...
Updating learning rate to 3.90625e-06
	iters: 200, epoch: 8 | loss: 0.3818833
	speed: 0.0477s/iter; left time: 28.5971s
Epoch: 8 cost time: 7.141448259353638 lr: 3.90625e-06
Epoch: 8, Steps: 266 | Train Loss: 0.3542237 Vali Loss: 0.6324314 Test Loss: 0.3877286
Validation loss decreased (0.631406 --> 0.632431).  Saving model ...
Updating learning rate to 1.953125e-06
	iters: 200, epoch: 9 | loss: 0.3611913
	speed: 0.0475s/iter; left time: 15.8262s
Epoch: 9 cost time: 7.135797739028931 lr: 1.953125e-06
Epoch: 9, Steps: 266 | Train Loss: 0.3540188 Vali Loss: 0.6326274 Test Loss: 0.3878994
Validation loss decreased (0.632431 --> 0.632627).  Saving model ...
Updating learning rate to 9.765625e-07
	iters: 200, epoch: 10 | loss: 0.3789812
	speed: 0.0478s/iter; left time: 3.2047s
Epoch: 10 cost time: 7.17694091796875 lr: 9.765625e-07
Epoch: 10, Steps: 266 | Train Loss: 0.3537613 Vali Loss: 0.6321955 Test Loss: 0.3881059
Validation loss decreased (0.632627 --> 0.632196).  Saving model ...
Updating learning rate to 4.8828125e-07
>>>>>>>testing : JCCMTM_ETTm1_ftM__sl96_P12_S12_Ss96_MR0.30_PN=8_MN=16_B=20_dm256_nh8_el2_dl0_df512<<<<<<<<<<<<<<<<<<<<<<<<<<<<<<<<<
test 11185
loading model
mse:0.3876848816871643, mae:0.4074777662754059
cfg_filepath :  /home/JCCMTM/scripts/configs/LTSF/ETTm/ETTm_finetune.yaml
Variable number =  7
CUDA available:  True
###############
Data & Model configs: 
 Namespace(data=Namespace(batch_size=128, batch_stride=None, context_points=96, mask_ratio=0.3, n_vars=7, num_predict=16, patch_len=12, patch_num=8, pre_batch_size=20, pre_stride_subseq=96, stride=12, stride_subseq=1, target_points=720, test_ratio=None, train_ratio=None), model=Namespace(d_ff=512, d_head=32, d_layers=0, d_model=256, dropout=0.1, dropout_att=0.1, e_layers=2, head_dropout=0.1, kernel_size=15, mul_uni_ratio=1, n_heads=8))
Args in experiment: 
  Namespace(No_Pre=False, TSaS_len=56, activation='gelu', batch_size=128, block_num=None, c_out=7, category='train', cfg='ETTm_finetune.yaml', checkpoints='./checkpoints/', component='trend', configs_path='/home/JCCMTM/scripts/configs/LTSF/ETTm/ETTm_finetune.yaml', d_ff=512, d_layers=0, d_model=256, data='ETTm1', data_path='Datas/ETT-small/ETTm1.csv', dec_in=-1, decomposition=True, delta=0.01, devices='0,1,2,3', distil=True, dropout=0.1, dset='ETTm1', e_layers=2, efficient=False, embed='timeF', enc_in=7, factor=1, features='M', freq='h', gpu=0, group_token_num=5, inverse=False, itr=1, kernel_size=15, label_len=48, learning_rate=0.0005, load_sparse=True, lradj='type1', mem_len=0, mem_len_uni=0, model='JCCMTM', mul_uni_ratio=1, n_heads=8, num_workers=2, optim_type='Adam', output_attention=False, padding_patch='end', patch_len=12, patience=5, pre_group_num=0, pred_len=720, pretrain_model_id='2024-11-12-07_39_44', random_ratio=0.0, random_seed=2024, reuse_len=0, reuse_len_uni=0, root_path='/home/JCCMTM/', scale_adjustLR=1, seq_len=96, sparse_id='Null', sparse_path='sparse_attn/', stage='finetune', strategy='CICD', stride=12, target='OT', task='LTSF', tb_path='record/tensorboard/', temp_epochs=50, temp_save=False, test_batch_size=256, train_epochs=10, use_amp=False, use_gpu=True, use_multi_gpu=False, use_tb=False, weight_decay=0)
###############
Use GPU: cuda:0
Do not use sparse attention matrix.
Sparse attention mask matrix preprocessing
Loading model state dict...
Finish.
trainable parameters: 3.859678 M
>>>>>>>start training : JCCMTM_ETTm1_ftM__sl96_P12_S12_Ss96_MR0.30_PN=8_MN=16_B=20_dm256_nh8_el2_dl0_df512>>>>>>>>>>>>>>>>>>>>>>>>>>
train 33745
val 10801
test 10801
End-to-end fine-tuning......
	iters: 200, epoch: 1 | loss: 0.4693848
	speed: 0.0300s/iter; left time: 72.8695s
Epoch: 1 cost time: 7.686964273452759 lr: 0.0005
Epoch: 1, Steps: 263 | Train Loss: 0.4795611 Vali Loss: 0.9537885 Test Loss: 0.4535630
Validation loss decreased (inf --> 0.953789).  Saving model ...
Updating learning rate to 0.00025
	iters: 200, epoch: 2 | loss: 0.4524158
	speed: 0.0497s/iter; left time: 107.8294s
Epoch: 2 cost time: 7.302721738815308 lr: 0.00025
Epoch: 2, Steps: 263 | Train Loss: 0.4505446 Vali Loss: 0.9557152 Test Loss: 0.4536024
Validation loss decreased (0.953789 --> 0.955715).  Saving model ...
Updating learning rate to 0.000125
	iters: 200, epoch: 3 | loss: 0.4243982
	speed: 0.0501s/iter; left time: 95.4852s
Epoch: 3 cost time: 7.266315698623657 lr: 0.000125
Epoch: 3, Steps: 263 | Train Loss: 0.4379910 Vali Loss: 0.9454303 Test Loss: 0.4459693
Validation loss decreased (0.955715 --> 0.945430).  Saving model ...
Updating learning rate to 6.25e-05
	iters: 200, epoch: 4 | loss: 0.4050906
	speed: 0.0499s/iter; left time: 81.8848s
Epoch: 4 cost time: 7.136477947235107 lr: 6.25e-05
Epoch: 4, Steps: 263 | Train Loss: 0.4308099 Vali Loss: 0.9471260 Test Loss: 0.4542009
Validation loss decreased (0.945430 --> 0.947126).  Saving model ...
Updating learning rate to 3.125e-05
	iters: 200, epoch: 5 | loss: 0.4341389
	speed: 0.0495s/iter; left time: 68.2866s
Epoch: 5 cost time: 7.120361566543579 lr: 3.125e-05
Epoch: 5, Steps: 263 | Train Loss: 0.4271329 Vali Loss: 0.9429035 Test Loss: 0.4528036
Validation loss decreased (0.947126 --> 0.942903).  Saving model ...
Updating learning rate to 1.5625e-05
	iters: 200, epoch: 6 | loss: 0.4131182
	speed: 0.0491s/iter; left time: 54.7754s
Epoch: 6 cost time: 7.1559858322143555 lr: 1.5625e-05
Epoch: 6, Steps: 263 | Train Loss: 0.4251930 Vali Loss: 0.9398906 Test Loss: 0.4507512
Validation loss decreased (0.942903 --> 0.939891).  Saving model ...
Updating learning rate to 7.8125e-06
	iters: 200, epoch: 7 | loss: 0.4320388
	speed: 0.0488s/iter; left time: 41.6052s
Epoch: 7 cost time: 7.0933756828308105 lr: 7.8125e-06
Epoch: 7, Steps: 263 | Train Loss: 0.4241329 Vali Loss: 0.9403873 Test Loss: 0.4515414
Validation loss decreased (0.939891 --> 0.940387).  Saving model ...
Updating learning rate to 3.90625e-06
	iters: 200, epoch: 8 | loss: 0.4687377
	speed: 0.0484s/iter; left time: 28.5823s
Epoch: 8 cost time: 7.0948498249053955 lr: 3.90625e-06
Epoch: 8, Steps: 263 | Train Loss: 0.4238428 Vali Loss: 0.9389834 Test Loss: 0.4520852
Validation loss decreased (0.940387 --> 0.938983).  Saving model ...
Updating learning rate to 1.953125e-06
	iters: 200, epoch: 9 | loss: 0.3887666
	speed: 0.0492s/iter; left time: 16.0864s
Epoch: 9 cost time: 7.131181240081787 lr: 1.953125e-06
Epoch: 9, Steps: 263 | Train Loss: 0.4234324 Vali Loss: 0.9393915 Test Loss: 0.4524994
Validation loss decreased (0.938983 --> 0.939391).  Saving model ...
Updating learning rate to 9.765625e-07
	iters: 200, epoch: 10 | loss: 0.4482375
	speed: 0.0489s/iter; left time: 3.1321s
Epoch: 10 cost time: 7.141745328903198 lr: 9.765625e-07
Epoch: 10, Steps: 263 | Train Loss: 0.4231390 Vali Loss: 0.9390424 Test Loss: 0.4523070
Validation loss decreased (0.939391 --> 0.939042).  Saving model ...
Updating learning rate to 4.8828125e-07
>>>>>>>testing : JCCMTM_ETTm1_ftM__sl96_P12_S12_Ss96_MR0.30_PN=8_MN=16_B=20_dm256_nh8_el2_dl0_df512<<<<<<<<<<<<<<<<<<<<<<<<<<<<<<<<<
test 10801
loading model
mse:0.4511750340461731, mae:0.44385427236557007



cfg_filepath :  /home/JCCMTM/scripts/configs/LTSF/ETTm/ETTm_finetune.yaml
Variable number =  7
CUDA available:  True
###############
Data & Model configs: 
 Namespace(data=Namespace(batch_size=128, batch_stride=None, context_points=96, mask_ratio=0.3, n_vars=7, num_predict=16, patch_len=12, patch_num=8, pre_batch_size=20, pre_stride_subseq=96, stride=12, stride_subseq=1, target_points=96, test_ratio=None, train_ratio=None), model=Namespace(d_ff=512, d_head=32, d_layers=0, d_model=256, dropout=0.1, dropout_att=0.1, e_layers=2, head_dropout=0.1, kernel_size=15, mul_uni_ratio=1, n_heads=8))
Args in experiment: 
  Namespace(No_Pre=False, TSaS_len=56, activation='gelu', batch_size=128, block_num=None, c_out=7, category='train', cfg='ETTm_finetune.yaml', checkpoints='./checkpoints/', component='trend', configs_path='/home/JCCMTM/scripts/configs/LTSF/ETTm/ETTm_finetune.yaml', d_ff=512, d_layers=0, d_model=256, data='ETTm1', data_path='Datas/ETT-small/ETTm1.csv', dec_in=-1, decomposition=True, delta=0.01, devices='0,1,2,3', distil=True, dropout=0.1, dset='ETTm1', e_layers=2, efficient=False, embed='timeF', enc_in=7, factor=1, features='M', freq='h', gpu=0, group_token_num=5, inverse=False, itr=1, kernel_size=15, label_len=48, learning_rate=0.0005, load_sparse=True, lradj='type1', mem_len=0, mem_len_uni=0, model='JCCMTM', mul_uni_ratio=1, n_heads=8, num_workers=2, optim_type='Adam', output_attention=False, padding_patch='end', patch_len=12, patience=5, pre_group_num=0, pred_len=96, pretrain_model_id='2024-11-12-07_39_44', random_ratio=0.0, random_seed=2024, reuse_len=0, reuse_len_uni=0, root_path='/home/JCCMTM/', scale_adjustLR=1, seq_len=96, sparse_id='Null', sparse_path='sparse_attn/', stage='finetune', strategy='CICD', stride=12, target='OT', task='LTSF', tb_path='record/tensorboard/', temp_epochs=50, temp_save=False, test_batch_size=256, train_epochs=10, use_amp=False, use_gpu=True, use_multi_gpu=False, use_tb=False, weight_decay=0)
###############
Use GPU: cuda:0
Do not use sparse attention matrix.
Sparse attention mask matrix preprocessing
Loading model state dict...
Finish.
trainable parameters: 2.581102 M
>>>>>>>start training : JCCMTM_ETTm1_ftM__sl96_P12_S12_Ss96_MR0.30_PN=8_MN=16_B=20_dm256_nh8_el2_dl0_df512>>>>>>>>>>>>>>>>>>>>>>>>>>
kernel_size : 15
train 34369
kernel_size : 15
val 11425
kernel_size : 15
test 11425
End-to-end fine-tuning......
	iters: 200, epoch: 1 | loss: 0.2870061
	speed: 0.0290s/iter; left time: 71.8916s
Epoch: 1 cost time: 7.557823896408081 lr: 0.0005
Epoch: 1, Steps: 268 | Train Loss: 0.3023686 Vali Loss: 0.3738692 Test Loss: 0.3135605
Validation loss decreased (inf --> 0.373869).  Saving model ...
Updating learning rate to 0.00025
	iters: 200, epoch: 2 | loss: 0.2491914
	speed: 0.0450s/iter; left time: 99.5903s
Epoch: 2 cost time: 6.882667064666748 lr: 0.00025
Epoch: 2, Steps: 268 | Train Loss: 0.2628298 Vali Loss: 0.3734753 Test Loss: 0.3039905
Validation loss decreased (0.373869 --> 0.373475).  Saving model ...
Updating learning rate to 0.000125
	iters: 200, epoch: 3 | loss: 0.2100813
	speed: 0.0455s/iter; left time: 88.4240s
Epoch: 3 cost time: 6.9826085567474365 lr: 0.000125
Epoch: 3, Steps: 268 | Train Loss: 0.2514186 Vali Loss: 0.3755407 Test Loss: 0.2976099
Validation loss decreased (0.373475 --> 0.375541).  Saving model ...
Updating learning rate to 6.25e-05
	iters: 200, epoch: 4 | loss: 0.2364456
	speed: 0.0453s/iter; left time: 76.0089s
Epoch: 4 cost time: 6.944216966629028 lr: 6.25e-05
Epoch: 4, Steps: 268 | Train Loss: 0.2459053 Vali Loss: 0.3608980 Test Loss: 0.2940413
Validation loss decreased (0.375541 --> 0.360898).  Saving model ...
Updating learning rate to 3.125e-05
	iters: 200, epoch: 5 | loss: 0.2384278
	speed: 0.0456s/iter; left time: 64.3053s
Epoch: 5 cost time: 6.98643684387207 lr: 3.125e-05
Epoch: 5, Steps: 268 | Train Loss: 0.2430639 Vali Loss: 0.3621005 Test Loss: 0.2907886
Validation loss decreased (0.360898 --> 0.362101).  Saving model ...
Updating learning rate to 1.5625e-05
	iters: 200, epoch: 6 | loss: 0.2387535
	speed: 0.0454s/iter; left time: 51.7619s
Epoch: 6 cost time: 6.970232009887695 lr: 1.5625e-05
Epoch: 6, Steps: 268 | Train Loss: 0.2414797 Vali Loss: 0.3632540 Test Loss: 0.2909835
Validation loss decreased (0.362101 --> 0.363254).  Saving model ...
Updating learning rate to 7.8125e-06
	iters: 200, epoch: 7 | loss: 0.2298338
	speed: 0.0453s/iter; left time: 39.5619s
Epoch: 7 cost time: 6.953993797302246 lr: 7.8125e-06
Epoch: 7, Steps: 268 | Train Loss: 0.2408341 Vali Loss: 0.3647988 Test Loss: 0.2908811
Validation loss decreased (0.363254 --> 0.364799).  Saving model ...
Updating learning rate to 3.90625e-06
	iters: 200, epoch: 8 | loss: 0.2256186
	speed: 0.0454s/iter; left time: 27.4592s
Epoch: 8 cost time: 6.984949350357056 lr: 3.90625e-06
Epoch: 8, Steps: 268 | Train Loss: 0.2405200 Vali Loss: 0.3649308 Test Loss: 0.2913197
Validation loss decreased (0.364799 --> 0.364931).  Saving model ...
Updating learning rate to 1.953125e-06
	iters: 200, epoch: 9 | loss: 0.2495647
	speed: 0.0457s/iter; left time: 15.4064s
Epoch: 9 cost time: 7.048361539840698 lr: 1.953125e-06
Epoch: 9, Steps: 268 | Train Loss: 0.2403845 Vali Loss: 0.3641144 Test Loss: 0.2913023
Validation loss decreased (0.364931 --> 0.364114).  Saving model ...
Updating learning rate to 9.765625e-07
	iters: 200, epoch: 10 | loss: 0.2633736
	speed: 0.0453s/iter; left time: 3.1269s
Epoch: 10 cost time: 6.929305553436279 lr: 9.765625e-07
Epoch: 10, Steps: 268 | Train Loss: 0.2402866 Vali Loss: 0.3646395 Test Loss: 0.2915953
Validation loss decreased (0.364114 --> 0.364639).  Saving model ...
Updating learning rate to 4.8828125e-07
>>>>>>>testing : JCCMTM_ETTm1_ftM__sl96_P12_S12_Ss96_MR0.30_PN=8_MN=16_B=20_dm256_nh8_el2_dl0_df512<<<<<<<<<<<<<<<<<<<<<<<<<<<<<<<<<
kernel_size : 15
test 11425
loading model
mse:0.29326409101486206, mae:0.3407391309738159
cfg_filepath :  /home/JCCMTM/scripts/configs/LTSF/ETTm/ETTm_finetune.yaml
Variable number =  7
CUDA available:  True
###############
Data & Model configs: 
 Namespace(data=Namespace(batch_size=128, batch_stride=None, context_points=96, mask_ratio=0.3, n_vars=7, num_predict=16, patch_len=12, patch_num=8, pre_batch_size=20, pre_stride_subseq=96, stride=12, stride_subseq=1, target_points=192, test_ratio=None, train_ratio=None), model=Namespace(d_ff=512, d_head=32, d_layers=0, d_model=256, dropout=0.1, dropout_att=0.1, e_layers=2, head_dropout=0.1, kernel_size=15, mul_uni_ratio=1, n_heads=8))
Args in experiment: 
  Namespace(No_Pre=False, TSaS_len=56, activation='gelu', batch_size=128, block_num=None, c_out=7, category='train', cfg='ETTm_finetune.yaml', checkpoints='./checkpoints/', component='trend', configs_path='/home/JCCMTM/scripts/configs/LTSF/ETTm/ETTm_finetune.yaml', d_ff=512, d_layers=0, d_model=256, data='ETTm1', data_path='Datas/ETT-small/ETTm1.csv', dec_in=-1, decomposition=True, delta=0.01, devices='0,1,2,3', distil=True, dropout=0.1, dset='ETTm1', e_layers=2, efficient=False, embed='timeF', enc_in=7, factor=1, features='M', freq='h', gpu=0, group_token_num=5, inverse=False, itr=1, kernel_size=15, label_len=48, learning_rate=0.0005, load_sparse=True, lradj='type1', mem_len=0, mem_len_uni=0, model='JCCMTM', mul_uni_ratio=1, n_heads=8, num_workers=2, optim_type='Adam', output_attention=False, padding_patch='end', patch_len=12, patience=5, pre_group_num=0, pred_len=192, pretrain_model_id='2024-11-12-07_39_44', random_ratio=0.0, random_seed=2024, reuse_len=0, reuse_len_uni=0, root_path='/home/JCCMTM/', scale_adjustLR=1, seq_len=96, sparse_id='Null', sparse_path='sparse_attn/', stage='finetune', strategy='CICD', stride=12, target='OT', task='LTSF', tb_path='record/tensorboard/', temp_epochs=50, temp_save=False, test_batch_size=256, train_epochs=10, use_amp=False, use_gpu=True, use_multi_gpu=False, use_tb=False, weight_decay=0)
###############
Use GPU: cuda:0
Do not use sparse attention matrix.
Sparse attention mask matrix preprocessing
Loading model state dict...
Finish.
trainable parameters: 2.777806 M
>>>>>>>start training : JCCMTM_ETTm1_ftM__sl96_P12_S12_Ss96_MR0.30_PN=8_MN=16_B=20_dm256_nh8_el2_dl0_df512>>>>>>>>>>>>>>>>>>>>>>>>>>
kernel_size : 15
train 34273
kernel_size : 15
val 11329
kernel_size : 15
test 11329
End-to-end fine-tuning......
	iters: 200, epoch: 1 | loss: 0.3359092
	speed: 0.0294s/iter; left time: 72.6339s
Epoch: 1 cost time: 7.650457859039307 lr: 0.0005
Epoch: 1, Steps: 267 | Train Loss: 0.3507946 Vali Loss: 0.5060943 Test Loss: 0.3667840
Validation loss decreased (inf --> 0.506094).  Saving model ...
Updating learning rate to 0.00025
	iters: 200, epoch: 2 | loss: 0.3109725
	speed: 0.0464s/iter; left time: 102.2945s
Epoch: 2 cost time: 7.0720062255859375 lr: 0.00025
Epoch: 2, Steps: 267 | Train Loss: 0.3188541 Vali Loss: 0.4845315 Test Loss: 0.3417451
Validation loss decreased (0.506094 --> 0.484532).  Saving model ...
Updating learning rate to 0.000125
	iters: 200, epoch: 3 | loss: 0.3195772
	speed: 0.0465s/iter; left time: 90.0050s
Epoch: 3 cost time: 7.056863069534302 lr: 0.000125
Epoch: 3, Steps: 267 | Train Loss: 0.3076732 Vali Loss: 0.4766930 Test Loss: 0.3413127
Validation loss decreased (0.484532 --> 0.476693).  Saving model ...
Updating learning rate to 6.25e-05
	iters: 200, epoch: 4 | loss: 0.2901945
	speed: 0.0463s/iter; left time: 77.2662s
Epoch: 4 cost time: 7.021033763885498 lr: 6.25e-05
Epoch: 4, Steps: 267 | Train Loss: 0.3017228 Vali Loss: 0.4873900 Test Loss: 0.3440025
EarlyStopping counter: 1 out of 5
Updating learning rate to 3.125e-05
	iters: 200, epoch: 5 | loss: 0.2908909
	speed: 0.0463s/iter; left time: 64.9104s
Epoch: 5 cost time: 7.058854103088379 lr: 3.125e-05
Epoch: 5, Steps: 267 | Train Loss: 0.2989488 Vali Loss: 0.4838834 Test Loss: 0.3416747
Validation loss decreased (0.476693 --> 0.483883).  Saving model ...
Updating learning rate to 1.5625e-05
	iters: 200, epoch: 6 | loss: 0.2960720
	speed: 0.0467s/iter; left time: 53.0491s
Epoch: 6 cost time: 7.074429988861084 lr: 1.5625e-05
Epoch: 6, Steps: 267 | Train Loss: 0.2974436 Vali Loss: 0.4815265 Test Loss: 0.3420787
Validation loss decreased (0.483883 --> 0.481527).  Saving model ...
Updating learning rate to 7.8125e-06
	iters: 200, epoch: 7 | loss: 0.3145338
	speed: 0.0466s/iter; left time: 40.4801s
Epoch: 7 cost time: 7.073100566864014 lr: 7.8125e-06
Epoch: 7, Steps: 267 | Train Loss: 0.2964142 Vali Loss: 0.4813031 Test Loss: 0.3425357
Validation loss decreased (0.481527 --> 0.481303).  Saving model ...
Updating learning rate to 3.90625e-06
	iters: 200, epoch: 8 | loss: 0.3153216
	speed: 0.0465s/iter; left time: 28.0131s
Epoch: 8 cost time: 7.0402562618255615 lr: 3.90625e-06
Epoch: 8, Steps: 267 | Train Loss: 0.2961040 Vali Loss: 0.4792393 Test Loss: 0.3419944
Validation loss decreased (0.481303 --> 0.479239).  Saving model ...
Updating learning rate to 1.953125e-06
	iters: 200, epoch: 9 | loss: 0.2757586
	speed: 0.0466s/iter; left time: 15.6182s
Epoch: 9 cost time: 7.105921030044556 lr: 1.953125e-06
Epoch: 9, Steps: 267 | Train Loss: 0.2957133 Vali Loss: 0.4790387 Test Loss: 0.3420237
Validation loss decreased (0.479239 --> 0.479039).  Saving model ...
Updating learning rate to 9.765625e-07
	iters: 200, epoch: 10 | loss: 0.2821456
	speed: 0.0470s/iter; left time: 3.1930s
Epoch: 10 cost time: 7.078050851821899 lr: 9.765625e-07
Epoch: 10, Steps: 267 | Train Loss: 0.2957458 Vali Loss: 0.4795366 Test Loss: 0.3421250
Validation loss decreased (0.479039 --> 0.479537).  Saving model ...
Updating learning rate to 4.8828125e-07
>>>>>>>testing : JCCMTM_ETTm1_ftM__sl96_P12_S12_Ss96_MR0.30_PN=8_MN=16_B=20_dm256_nh8_el2_dl0_df512<<<<<<<<<<<<<<<<<<<<<<<<<<<<<<<<<
kernel_size : 15
test 11329
loading model
mse:0.3447171747684479, mae:0.3743849992752075
cfg_filepath :  /home/JCCMTM/scripts/configs/LTSF/ETTm/ETTm_finetune.yaml
Variable number =  7
CUDA available:  True
###############
Data & Model configs: 
 Namespace(data=Namespace(batch_size=128, batch_stride=None, context_points=96, mask_ratio=0.3, n_vars=7, num_predict=16, patch_len=12, patch_num=8, pre_batch_size=20, pre_stride_subseq=96, stride=12, stride_subseq=1, target_points=336, test_ratio=None, train_ratio=None), model=Namespace(d_ff=512, d_head=32, d_layers=0, d_model=256, dropout=0.1, dropout_att=0.1, e_layers=2, head_dropout=0.1, kernel_size=15, mul_uni_ratio=1, n_heads=8))
Args in experiment: 
  Namespace(No_Pre=False, TSaS_len=56, activation='gelu', batch_size=128, block_num=None, c_out=7, category='train', cfg='ETTm_finetune.yaml', checkpoints='./checkpoints/', component='trend', configs_path='/home/JCCMTM/scripts/configs/LTSF/ETTm/ETTm_finetune.yaml', d_ff=512, d_layers=0, d_model=256, data='ETTm1', data_path='Datas/ETT-small/ETTm1.csv', dec_in=-1, decomposition=True, delta=0.01, devices='0,1,2,3', distil=True, dropout=0.1, dset='ETTm1', e_layers=2, efficient=False, embed='timeF', enc_in=7, factor=1, features='M', freq='h', gpu=0, group_token_num=5, inverse=False, itr=1, kernel_size=15, label_len=48, learning_rate=0.0005, load_sparse=True, lradj='type1', mem_len=0, mem_len_uni=0, model='JCCMTM', mul_uni_ratio=1, n_heads=8, num_workers=2, optim_type='Adam', output_attention=False, padding_patch='end', patch_len=12, patience=5, pre_group_num=0, pred_len=336, pretrain_model_id='2024-11-12-07_39_44', random_ratio=0.0, random_seed=2024, reuse_len=0, reuse_len_uni=0, root_path='/home/JCCMTM/', scale_adjustLR=1, seq_len=96, sparse_id='Null', sparse_path='sparse_attn/', stage='finetune', strategy='CICD', stride=12, target='OT', task='LTSF', tb_path='record/tensorboard/', temp_epochs=50, temp_save=False, test_batch_size=256, train_epochs=10, use_amp=False, use_gpu=True, use_multi_gpu=False, use_tb=False, weight_decay=0)
###############
Use GPU: cuda:0
Do not use sparse attention matrix.
Sparse attention mask matrix preprocessing
Loading model state dict...
Finish.
trainable parameters: 3.072862 M
>>>>>>>start training : JCCMTM_ETTm1_ftM__sl96_P12_S12_Ss96_MR0.30_PN=8_MN=16_B=20_dm256_nh8_el2_dl0_df512>>>>>>>>>>>>>>>>>>>>>>>>>>
kernel_size : 15
train 34129
kernel_size : 15
val 11185
kernel_size : 15
test 11185
End-to-end fine-tuning......
	iters: 200, epoch: 1 | loss: 0.4148567
	speed: 0.0297s/iter; left time: 73.1893s
Epoch: 1 cost time: 7.7046895027160645 lr: 0.0005
Epoch: 1, Steps: 266 | Train Loss: 0.4033050 Vali Loss: 0.6410663 Test Loss: 0.3828519
Validation loss decreased (inf --> 0.641066).  Saving model ...
Updating learning rate to 0.00025
	iters: 200, epoch: 2 | loss: 0.3772892
	speed: 0.0474s/iter; left time: 104.0485s
Epoch: 2 cost time: 7.14532732963562 lr: 0.00025
Epoch: 2, Steps: 266 | Train Loss: 0.3708096 Vali Loss: 0.6338415 Test Loss: 0.3792379
Validation loss decreased (0.641066 --> 0.633842).  Saving model ...
Updating learning rate to 0.000125
	iters: 200, epoch: 3 | loss: 0.3503991
	speed: 0.0473s/iter; left time: 91.2884s
Epoch: 3 cost time: 7.1479291915893555 lr: 0.000125
Epoch: 3, Steps: 266 | Train Loss: 0.3590579 Vali Loss: 0.6243121 Test Loss: 0.3781006
Validation loss decreased (0.633842 --> 0.624312).  Saving model ...
Updating learning rate to 6.25e-05
	iters: 200, epoch: 4 | loss: 0.3677504
	speed: 0.0477s/iter; left time: 79.3101s
Epoch: 4 cost time: 7.136100769042969 lr: 6.25e-05
Epoch: 4, Steps: 266 | Train Loss: 0.3530307 Vali Loss: 0.6206493 Test Loss: 0.3787562
Validation loss decreased (0.624312 --> 0.620649).  Saving model ...
Updating learning rate to 3.125e-05
	iters: 200, epoch: 5 | loss: 0.3429025
	speed: 0.0482s/iter; left time: 67.3503s
Epoch: 5 cost time: 7.243199110031128 lr: 3.125e-05
Epoch: 5, Steps: 266 | Train Loss: 0.3498751 Vali Loss: 0.6212682 Test Loss: 0.3779861
Validation loss decreased (0.620649 --> 0.621268).  Saving model ...
Updating learning rate to 1.5625e-05
	iters: 200, epoch: 6 | loss: 0.3631538
	speed: 0.0477s/iter; left time: 54.0008s
Epoch: 6 cost time: 7.183818578720093 lr: 1.5625e-05
Epoch: 6, Steps: 266 | Train Loss: 0.3483539 Vali Loss: 0.6241057 Test Loss: 0.3804237
Validation loss decreased (0.621268 --> 0.624106).  Saving model ...
Updating learning rate to 7.8125e-06
	iters: 200, epoch: 7 | loss: 0.3469819
	speed: 0.0478s/iter; left time: 41.3618s
Epoch: 7 cost time: 7.1647491455078125 lr: 7.8125e-06
Epoch: 7, Steps: 266 | Train Loss: 0.3475585 Vali Loss: 0.6243069 Test Loss: 0.3801013
Validation loss decreased (0.624106 --> 0.624307).  Saving model ...
Updating learning rate to 3.90625e-06
	iters: 200, epoch: 8 | loss: 0.3325299
	speed: 0.0480s/iter; left time: 28.7410s
Epoch: 8 cost time: 7.175753355026245 lr: 3.90625e-06
Epoch: 8, Steps: 266 | Train Loss: 0.3471957 Vali Loss: 0.6235067 Test Loss: 0.3801118
Validation loss decreased (0.624307 --> 0.623507).  Saving model ...
Updating learning rate to 1.953125e-06
	iters: 200, epoch: 9 | loss: 0.3655184
	speed: 0.0480s/iter; left time: 15.9705s
Epoch: 9 cost time: 7.1451575756073 lr: 1.953125e-06
Epoch: 9, Steps: 266 | Train Loss: 0.3469455 Vali Loss: 0.6230251 Test Loss: 0.3806935
Validation loss decreased (0.623507 --> 0.623025).  Saving model ...
Updating learning rate to 9.765625e-07
	iters: 200, epoch: 10 | loss: 0.4043305
	speed: 0.0476s/iter; left time: 3.1916s
Epoch: 10 cost time: 7.136783838272095 lr: 9.765625e-07
Epoch: 10, Steps: 266 | Train Loss: 0.3468502 Vali Loss: 0.6231989 Test Loss: 0.3801205
Validation loss decreased (0.623025 --> 0.623199).  Saving model ...
Updating learning rate to 4.8828125e-07
>>>>>>>testing : JCCMTM_ETTm1_ftM__sl96_P12_S12_Ss96_MR0.30_PN=8_MN=16_B=20_dm256_nh8_el2_dl0_df512<<<<<<<<<<<<<<<<<<<<<<<<<<<<<<<<<
kernel_size : 15
test 11185
loading model
mse:0.37972015142440796, mae:0.3993452489376068
cfg_filepath :  /home/JCCMTM/scripts/configs/LTSF/ETTm/ETTm_finetune.yaml
Variable number =  7
CUDA available:  True
###############
Data & Model configs: 
 Namespace(data=Namespace(batch_size=128, batch_stride=None, context_points=96, mask_ratio=0.3, n_vars=7, num_predict=16, patch_len=12, patch_num=8, pre_batch_size=20, pre_stride_subseq=96, stride=12, stride_subseq=1, target_points=720, test_ratio=None, train_ratio=None), model=Namespace(d_ff=512, d_head=32, d_layers=0, d_model=256, dropout=0.1, dropout_att=0.1, e_layers=2, head_dropout=0.1, kernel_size=15, mul_uni_ratio=1, n_heads=8))
Args in experiment: 
  Namespace(No_Pre=False, TSaS_len=56, activation='gelu', batch_size=128, block_num=None, c_out=7, category='train', cfg='ETTm_finetune.yaml', checkpoints='./checkpoints/', component='trend', configs_path='/home/JCCMTM/scripts/configs/LTSF/ETTm/ETTm_finetune.yaml', d_ff=512, d_layers=0, d_model=256, data='ETTm1', data_path='Datas/ETT-small/ETTm1.csv', dec_in=-1, decomposition=True, delta=0.01, devices='0,1,2,3', distil=True, dropout=0.1, dset='ETTm1', e_layers=2, efficient=False, embed='timeF', enc_in=7, factor=1, features='M', freq='h', gpu=0, group_token_num=5, inverse=False, itr=1, kernel_size=15, label_len=48, learning_rate=0.0005, load_sparse=True, lradj='type1', mem_len=0, mem_len_uni=0, model='JCCMTM', mul_uni_ratio=1, n_heads=8, num_workers=2, optim_type='Adam', output_attention=False, padding_patch='end', patch_len=12, patience=5, pre_group_num=0, pred_len=720, pretrain_model_id='2024-11-12-07_39_44', random_ratio=0.0, random_seed=2024, reuse_len=0, reuse_len_uni=0, root_path='/home/JCCMTM/', scale_adjustLR=1, seq_len=96, sparse_id='Null', sparse_path='sparse_attn/', stage='finetune', strategy='CICD', stride=12, target='OT', task='LTSF', tb_path='record/tensorboard/', temp_epochs=50, temp_save=False, test_batch_size=256, train_epochs=10, use_amp=False, use_gpu=True, use_multi_gpu=False, use_tb=False, weight_decay=0)
###############
Use GPU: cuda:0
Do not use sparse attention matrix.
Sparse attention mask matrix preprocessing
Loading model state dict...
Finish.
trainable parameters: 3.859678 M
>>>>>>>start training : JCCMTM_ETTm1_ftM__sl96_P12_S12_Ss96_MR0.30_PN=8_MN=16_B=20_dm256_nh8_el2_dl0_df512>>>>>>>>>>>>>>>>>>>>>>>>>>
kernel_size : 15
train 33745
kernel_size : 15
val 10801
kernel_size : 15
test 10801
End-to-end fine-tuning......
	iters: 200, epoch: 1 | loss: 0.4749657
	speed: 0.0298s/iter; left time: 72.4394s
Epoch: 1 cost time: 7.659237861633301 lr: 0.0005
Epoch: 1, Steps: 263 | Train Loss: 0.4758446 Vali Loss: 0.9474453 Test Loss: 0.4454939
Validation loss decreased (inf --> 0.947445).  Saving model ...
Updating learning rate to 0.00025
	iters: 200, epoch: 2 | loss: 0.4038821
	speed: 0.0500s/iter; left time: 108.2993s
Epoch: 2 cost time: 7.315979719161987 lr: 0.00025
Epoch: 2, Steps: 263 | Train Loss: 0.4447476 Vali Loss: 0.9360684 Test Loss: 0.4433021
Validation loss decreased (0.947445 --> 0.936068).  Saving model ...
Updating learning rate to 0.000125
	iters: 200, epoch: 3 | loss: 0.4051926
	speed: 0.0504s/iter; left time: 95.9483s
Epoch: 3 cost time: 7.32932710647583 lr: 0.000125
Epoch: 3, Steps: 263 | Train Loss: 0.4317263 Vali Loss: 0.9306483 Test Loss: 0.4461647
Validation loss decreased (0.936068 --> 0.930648).  Saving model ...
Updating learning rate to 6.25e-05
	iters: 200, epoch: 4 | loss: 0.4408471
	speed: 0.0515s/iter; left time: 84.5737s
Epoch: 4 cost time: 7.349981784820557 lr: 6.25e-05
Epoch: 4, Steps: 263 | Train Loss: 0.4245040 Vali Loss: 0.9274801 Test Loss: 0.4512573
Validation loss decreased (0.930648 --> 0.927480).  Saving model ...
Updating learning rate to 3.125e-05
	iters: 200, epoch: 5 | loss: 0.4026147
	speed: 0.0509s/iter; left time: 70.1223s
Epoch: 5 cost time: 7.361688613891602 lr: 3.125e-05
Epoch: 5, Steps: 263 | Train Loss: 0.4211786 Vali Loss: 0.9253871 Test Loss: 0.4448954
Validation loss decreased (0.927480 --> 0.925387).  Saving model ...
Updating learning rate to 1.5625e-05
	iters: 200, epoch: 6 | loss: 0.3816859
	speed: 0.0505s/iter; left time: 56.3438s
Epoch: 6 cost time: 7.3126654624938965 lr: 1.5625e-05
Epoch: 6, Steps: 263 | Train Loss: 0.4190443 Vali Loss: 0.9261009 Test Loss: 0.4478686
Validation loss decreased (0.925387 --> 0.926101).  Saving model ...
Updating learning rate to 7.8125e-06
	iters: 200, epoch: 7 | loss: 0.3915399
	speed: 0.0505s/iter; left time: 43.0721s
Epoch: 7 cost time: 7.307250738143921 lr: 7.8125e-06
Epoch: 7, Steps: 263 | Train Loss: 0.4182876 Vali Loss: 0.9246653 Test Loss: 0.4468246
Validation loss decreased (0.926101 --> 0.924665).  Saving model ...
Updating learning rate to 3.90625e-06
	iters: 200, epoch: 8 | loss: 0.4462496
	speed: 0.0507s/iter; left time: 29.9121s
Epoch: 8 cost time: 7.2725670337677 lr: 3.90625e-06
Epoch: 8, Steps: 263 | Train Loss: 0.4175930 Vali Loss: 0.9248750 Test Loss: 0.4494845
Validation loss decreased (0.924665 --> 0.924875).  Saving model ...
Updating learning rate to 1.953125e-06
	iters: 200, epoch: 9 | loss: 0.4000637
	speed: 0.0505s/iter; left time: 16.5217s
Epoch: 9 cost time: 7.2898850440979 lr: 1.953125e-06
Epoch: 9, Steps: 263 | Train Loss: 0.4177200 Vali Loss: 0.9246597 Test Loss: 0.4471492
Validation loss decreased (0.924875 --> 0.924660).  Saving model ...
Updating learning rate to 9.765625e-07
	iters: 200, epoch: 10 | loss: 0.4113926
	speed: 0.0508s/iter; left time: 3.2494s
Epoch: 10 cost time: 7.309835433959961 lr: 9.765625e-07
Epoch: 10, Steps: 263 | Train Loss: 0.4176097 Vali Loss: 0.9242418 Test Loss: 0.4477460
Validation loss decreased (0.924660 --> 0.924242).  Saving model ...
Updating learning rate to 4.8828125e-07
>>>>>>>testing : JCCMTM_ETTm1_ftM__sl96_P12_S12_Ss96_MR0.30_PN=8_MN=16_B=20_dm256_nh8_el2_dl0_df512<<<<<<<<<<<<<<<<<<<<<<<<<<<<<<<<<
kernel_size : 15
test 10801
loading model
mse:0.4461944103240967, mae:0.4413162171840668
